[2026-05-31T00:51:21.702052] Job loaded.
[2026-05-31T00:51:21.702236] Simple prompt: wedding cake 512x512
[2026-05-31T00:51:21.702259] Image size: 512x512
[2026-05-31T00:51:21.702279] Calling local image engine.
[2026-05-31T00:51:21.707520] Local image engine result: {'ok': False, 'error': 'ComfyUI rejected the workflow.\nHTTP status: 400\nResponse body:\n{"error": {"type": "prompt_outputs_failed_validation", "message": "Prompt outputs failed validation", "details": "", "extra_info": {}}, "node_errors": {"1": {"errors": [{"type": "value_not_in_list", "message": "Value not in list", "details": "ckpt_name: \'jarvis_checkpoints/sd_xl_base_1.0.safetensors\' not in []", "extra_info": {"input_name": "ckpt_name", "input_config": [[], {"tooltip": "The name of the checkpoint (model) to load."}], "received_value": "jarvis_checkpoints/sd_xl_base_1.0.safetensors"}}], "dependent_outputs": ["7"], "class_type": "CheckpointLoaderSimple"}}}\n\nWorkflow sent:\n{\n  "1": {\n    "class_type": "CheckpointLoaderSimple",\n    "inputs": {\n      "ckpt_name": "jarvis_checkpoints/sd_xl_base_1.0.safetensors"\n    }\n  },\n  "2": {\n    "class_type": "CLIPTextEncode",\n    "inputs": {\n      "text": "wedding cake 512x512\\n\\nUltra high-quality professional image generation direction:\\n\\nCreate a premium, cinematic, realistic, high-end commercial image.\\nThe output must look like professional advertising photography or premium\\ndigital art, depending on the subject.\\n\\nComposition:\\nclean subject focus, balanced framing, strong focal point, elegant background,\\nno clutter, no random objects, no accidental text, no watermark.\\n\\nLighting:\\ncinematic lighting, soft highlights, natural shadows, rich contrast,\\npremium studio-grade or editorial-grade lighting.\\n\\nDetails:\\nsharp focus, realistic textures, refined color grading, polished finish,\\nhigh detail, natural proportions, modern luxury visual quality.\\n\\nQuality:\\nbest quality, masterpiece, ultra detailed, professional, commercial-ready,\\npremium brand campaign quality.",\n      "clip": [\n        "1",\n        1\n      ]\n    }\n  },\n  "3": {\n    "class_type": "CLIPTextEncode",\n    "inputs": {\n      "text": "low quality, blurry, pixelated, distorted, deformed, bad anatomy, bad hands, extra fingers, missing fingers, duplicate objects, watermark, signature, random text, logo errors, ugly, amateur, messy background, poor composition, overexposed, underexposed, plastic skin, unrealistic proportions, mutated, noise, artifacts",\n      "clip": [\n        "1",\n        1\n      ]\n    }\n  },\n  "4": {\n    "class_type": "EmptyLatentImage",\n    "inputs": {\n      "width": 512,\n      "height": 512,\n      "batch_size": 1\n    }\n  },\n  "5": {\n    "class_type": "KSampler",\n    "inputs": {\n      "seed": 105614899661004,\n      "steps": 30,\n      "cfg": 7.0,\n      "sampler_name": "euler",\n      "scheduler": "normal",\n      "denoise": 1.0,\n      "model": [\n        "1",\n        0\n      ],\n      "positive": [\n        "2",\n        0\n      ],\n      "negative": [\n        "3",\n        0\n      ],\n      "latent_image": [\n        "4",\n        0\n      ]\n    }\n  },\n  "6": {\n    "class_type": "VAEDecode",\n    "inputs": {\n      "samples": [\n        "5",\n        0\n      ],\n      "vae": [\n        "1",\n        2\n      ]\n    }\n  },\n  "7": {\n    "class_type": "SaveImage",\n    "inputs": {\n      "filename_prefix": "jarvis_temp_20260531_005121",\n      "images": [\n        "6",\n        0\n      ]\n    }\n  }\n}'}
[2026-05-31T00:51:21.707678] Job failed: ComfyUI rejected the workflow.
HTTP status: 400
Response body:
{"error": {"type": "prompt_outputs_failed_validation", "message": "Prompt outputs failed validation", "details": "", "extra_info": {}}, "node_errors": {"1": {"errors": [{"type": "value_not_in_list", "message": "Value not in list", "details": "ckpt_name: 'jarvis_checkpoints/sd_xl_base_1.0.safetensors' not in []", "extra_info": {"input_name": "ckpt_name", "input_config": [[], {"tooltip": "The name of the checkpoint (model) to load."}], "received_value": "jarvis_checkpoints/sd_xl_base_1.0.safetensors"}}], "dependent_outputs": ["7"], "class_type": "CheckpointLoaderSimple"}}}

Workflow sent:
{
  "1": {
    "class_type": "CheckpointLoaderSimple",
    "inputs": {
      "ckpt_name": "jarvis_checkpoints/sd_xl_base_1.0.safetensors"
    }
  },
  "2": {
    "class_type": "CLIPTextEncode",
    "inputs": {
      "text": "wedding cake 512x512\n\nUltra high-quality professional image generation direction:\n\nCreate a premium, cinematic, realistic, high-end commercial image.\nThe output must look like professional advertising photography or premium\ndigital art, depending on the subject.\n\nComposition:\nclean subject focus, balanced framing, strong focal point, elegant background,\nno clutter, no random objects, no accidental text, no watermark.\n\nLighting:\ncinematic lighting, soft highlights, natural shadows, rich contrast,\npremium studio-grade or editorial-grade lighting.\n\nDetails:\nsharp focus, realistic textures, refined color grading, polished finish,\nhigh detail, natural proportions, modern luxury visual quality.\n\nQuality:\nbest quality, masterpiece, ultra detailed, professional, commercial-ready,\npremium brand campaign quality.",
      "clip": [
        "1",
        1
      ]
    }
  },
  "3": {
    "class_type": "CLIPTextEncode",
    "inputs": {
      "text": "low quality, blurry, pixelated, distorted, deformed, bad anatomy, bad hands, extra fingers, missing fingers, duplicate objects, watermark, signature, random text, logo errors, ugly, amateur, messy background, poor composition, overexposed, underexposed, plastic skin, unrealistic proportions, mutated, noise, artifacts",
      "clip": [
        "1",
        1
      ]
    }
  },
  "4": {
    "class_type": "EmptyLatentImage",
    "inputs": {
      "width": 512,
      "height": 512,
      "batch_size": 1
    }
  },
  "5": {
    "class_type": "KSampler",
    "inputs": {
      "seed": 105614899661004,
      "steps": 30,
      "cfg": 7.0,
      "sampler_name": "euler",
      "scheduler": "normal",
      "denoise": 1.0,
      "model": [
        "1",
        0
      ],
      "positive": [
        "2",
        0
      ],
      "negative": [
        "3",
        0
      ],
      "latent_image": [
        "4",
        0
      ]
    }
  },
  "6": {
    "class_type": "VAEDecode",
    "inputs": {
      "samples": [
        "5",
        0
      ],
      "vae": [
        "1",
        2
      ]
    }
  },
  "7": {
    "class_type": "SaveImage",
    "inputs": {
      "filename_prefix": "jarvis_temp_20260531_005121",
      "images": [
        "6",
        0
      ]
    }
  }
}
